// Jest Snapshot v1, https://goo.gl/fbAQLP

exports[`<Button /> renders correctly 1`] = `
.c0 {
  background-color: #6b686b;
  color: white;
  border-radius: 200px;
  border-width: 0px;
  font-size: 14px;
  margin: 8px;
  padding: 4px 8px;
  position: relative;
  box-sizing: border-box;
  min-width: 64px;
  height: 36px;
  border: none;
  outline: none;
  box-shadow: 0 3px 1px -2px rgba(0,0,0,.2),0 2px 2px 0 rgba(0,0,0,.14),0 1px 5px 0 rgba(0,0,0,.12);
  -webkit-transition: all 0.3s ease-in-out;
  transition: all 0.3s ease-in-out;
}

.c0:after {
  position: absolute;
  top: 0;
  left: 0;
  width: 100%;
  height: 100%;
  content: "";
  border-radius: 200px;
  box-shadow: 0 2px 4px -1px rgba(0,0,0,.2),0 4px 5px 0 rgba(0,0,0,.14),0 1px 10px 0 rgba(0,0,0,.12);
  opacity: 0;
  -webkit-transition: opacity 0.3s ease-in-out;
  transition: opacity 0.3s ease-in-out;
}

.c0:hover {
  -webkit-filter: brightness(110%);
  filter: brightness(110%);
}

.c0:hover:after {
  opacity: 1;
}

.c0:active {
  box-shadow: 0 5px 5px -3px rgba(0,0,0,.2),0 8px 10px 1px rgba(0,0,0,.14),0 3px 14px 2px rgba(0,0,0,.12);
  -webkit-filter: brightness(120%);
  filter: brightness(120%);
}

<button
  className="c0"
/>
`;
